// Jest Snapshot v1, https://goo.gl/fbAQLP

exports[`Loader checked 1`] = `
<div
  className="MuiBox-root css-tczqft"
>
  <span
    className="MuiLinearProgress-root MuiLinearProgress-colorPrimary MuiLinearProgress-indeterminate css-eglki6-MuiLinearProgress-root"
    role="progressbar"
  >
    <span
      className="MuiLinearProgress-bar MuiLinearProgress-barColorPrimary MuiLinearProgress-bar1Indeterminate css-5ir5xx-MuiLinearProgress-bar1"
      style={Object {}}
    />
    <span
      className="MuiLinearProgress-bar MuiLinearProgress-barColorPrimary MuiLinearProgress-bar2Indeterminate css-1r8wrcl-MuiLinearProgress-bar2"
      style={Object {}}
    />
  </span>
  <p
    className="MuiTypography-root MuiTypography-body2 css-1sgvizo-MuiTypography-root"
  >
    Loading...
  </p>
</div>
`;
